<?xml version="1.0" encoding="utf-8"?><testsuites name="pytest tests"><testsuite name="pytest" errors="0" failures="0" skipped="1" tests="87" time="3.827" timestamp="2026-09-24T00:34:04.093821+00:00" hostname="690e309e66df"><testcase classname="tests.test_backup" name="test_snapshot_roundtrip" time="0.027" /><testcase classname="tests.test_backup" name="test_rejects_malicious_archive[../escape-0]" time="0.001" /><testcase classname="tests.test_backup" name="test_rejects_malicious_archive[/escape-0]" time="0.001" /><testcase classname="tests.test_backup" name="test_rejects_malicious_archive[ha/symlink-2]" time="0.001" /><testcase classname="tests.test_backup" name="test_rejects_malicious_archive[ha/hardlink-1]" time="0.001" /><testcase classname="tests.test_backup" name="test_rejects_malicious_archive[ha/fifo-6]" time="0.001" /><testcase classname="tests.test_backup" name="test_rejects_malicious_archive[ha/directory-5]" time="0.001" /><testcase classname="tests.test_backup" name="test_rejects_malicious_archive[unknown/data-0]" time="0.001" /><testcase classname="tests.test_backup" name="test_rejects_malicious_archive[ha-0]" time="0.001" /><testcase classname="tests.test_backup" name="test_duplicate_members_rejected" time="0.001" /><testcase classname="tests.test_backup" name="test_checksum_tamper_rejected" time="0.001" /><testcase classname="tests.test_backup" name="test_size_limit_enforced" time="0.001" /><testcase classname="tests.test_backup" name="test_official_backup_is_not_misclassified" time="0.001" /><testcase classname="tests.test_backup" name="test_cache_and_browser_locks_excluded" time="0.003" /><testcase classname="tests.test_backup" name="test_unknown_state_symlink_rejected" time="0.003" /><testcase classname="tests.test_backup" name="test_partial_file_is_never_deleted" time="0.003" /><testcase classname="tests.test_backup" name="test_atomic_commit_retains_previous_and_disarms" time="0.004" /><testcase classname="tests.test_backup" name="test_repair_interrupted_commit" time="0.003" /><testcase classname="tests.test_backup" name="test_offline_snapshot_requires_attestation" time="0.002" /><testcase classname="tests.test_backup" name="test_real_signature_and_tamper_detection" time="0.027" /><testcase classname="tests.test_backup" name="test_real_age_roundtrip" time="0.000"><skipped type="pytest.skip" message="age/age-keygen not installed">/mnt/data/orangepi4pro-homeassistant/tests/test_backup.py:138: age/age-keygen not installed</skipped></testcase><testcase classname="tests.test_cli_services" name="test_inventory_redaction" time="0.003" /><testcase classname="tests.test_cli_services" name="test_compare_identity_diff" time="0.003" /><testcase classname="tests.test_cli_services" name="test_version_gate[2026.9.3-2026.9.3-False-True]" time="0.002" /><testcase classname="tests.test_cli_services" name="test_version_gate[2026.9.3-2026.8.3-True-False]" time="0.002" /><testcase classname="tests.test_cli_services" name="test_version_gate[2026.8.3-2026.9.3-False-False]" time="0.002" /><testcase classname="tests.test_cli_services" name="test_version_gate[2026.8.3-2026.9.3-True-True]" time="0.002" /><testcase classname="tests.test_cli_services" name="test_start_restored_production_requires_activation" time="0.003" /><testcase classname="tests.test_cli_services" name="test_optional_device_failure_does_not_block_ha" time="0.004" /><testcase classname="tests.test_cli_services" name="test_cli_backup_and_restore" time="0.020" /><testcase classname="tests.test_cli_services" name="test_raw_config_import_preserves_other_components" time="0.010" /><testcase classname="tests.test_cli_services" name="test_sqlite_integrity" time="0.001" /><testcase classname="tests.test_cli_services" name="test_presence_debounce_and_expiry" time="0.000" /><testcase classname="tests.test_cli_services" name="test_stale_vision_unavailable" time="0.001" /><testcase classname="tests.test_cli_services" name="test_actual_status_http_server" time="0.523" /><testcase classname="tests.test_cli_services" name="test_status_cannot_listen_on_lan" time="0.003" /><testcase classname="tests.test_cli_services" name="test_actual_hog_inference_on_blank_frame" time="0.125" /><testcase classname="tests.test_config_compose" name="test_lab_is_quarantined_even_when_features_enabled" time="0.004" /><testcase classname="tests.test_config_compose" name="test_production_local_admin_ports" time="0.004" /><testcase classname="tests.test_config_compose" name="test_cached_images_never_pull" time="0.003" /><testcase classname="tests.test_config_compose" name="test_dangerous_roots_rejected[/]" time="0.000" /><testcase classname="tests.test_config_compose" name="test_dangerous_roots_rejected[/etc]" time="0.000" /><testcase classname="tests.test_config_compose" name="test_dangerous_roots_rejected[/srv]" time="0.001" /><testcase classname="tests.test_config_compose" name="test_dangerous_roots_rejected[/var/lib]" time="0.000" /><testcase classname="tests.test_config_compose" name="test_dangerous_roots_rejected[/home]" time="0.000" /><testcase classname="tests.test_config_compose" name="test_dangerous_roots_rejected[/tmp]" time="0.000" /><testcase classname="tests.test_config_compose" name="test_unsafe_archive_names[../escape]" time="0.000" /><testcase classname="tests.test_config_compose" name="test_unsafe_archive_names[/absolute]" time="0.000" /><testcase classname="tests.test_config_compose" name="test_unsafe_archive_names[ha/../../escape]" time="0.000" /><testcase classname="tests.test_config_compose" name="test_unsafe_archive_names[ha/./bad]" time="0.000" /><testcase classname="tests.test_config_compose" name="test_unsafe_archive_names[C:/escape]" time="0.000" /><testcase classname="tests.test_config_compose" name="test_unsafe_archive_names[ha\\escape]" time="0.000" /><testcase classname="tests.test_config_compose" name="test_unsafe_archive_names[]" time="0.000" /><testcase classname="tests.test_config_compose" name="test_symlink_roots_rejected" time="0.001" /><testcase classname="tests.test_config_compose" name="test_bad_images[repo:latest]" time="0.003" /><testcase classname="tests.test_config_compose" name="test_bad_images[repo:stable]" time="0.003" /><testcase classname="tests.test_config_compose" name="test_bad_images[repo:master]" time="0.003" /><testcase classname="tests.test_config_compose" name="test_bad_images[repo;rm:-rf]" time="0.003" /><testcase classname="tests.test_config_compose" name="test_nested_roots_rejected" time="0.003" /><testcase classname="tests.test_config_compose" name="test_unstable_zwave_device_rejected" time="0.003" /><testcase classname="tests.test_config_compose" name="test_reinit_does_not_overwrite" time="0.002" /><testcase classname="tests.test_config_compose" name="test_seed_never_overwrites" time="0.003" /><testcase classname="tests.test_config_compose" name="test_seed_new_install" time="0.003" /><testcase classname="tests.test_config_compose" name="test_zwave_session_secrets_only_in_private_state" time="0.005" /><testcase classname="tests.test_config_compose" name="test_custom_lab_port_does_not_change_container_health_port" time="0.003" /><testcase classname="tests.test_config_compose" name="test_reject_dollar_in_compose_paths" time="0.002" /><testcase classname="tests.test_image_vendor" name="test_overlay_never_copies_local_state" time="0.007" /><testcase classname="tests.test_image_vendor" name="test_overlay_live_root_guard" time="0.001" /><testcase classname="tests.test_image_vendor" name="test_overlay_rejects_private_defaults" time="0.001" /><testcase classname="tests.test_image_vendor" name="test_scrub_locks_passwords_and_preserves_boot" time="1.387" /><testcase classname="tests.test_image_vendor" name="test_image_builder_dry_run_does_not_write_image" time="0.010" /><testcase classname="tests.test_image_vendor" name="test_image_builder_rejects_bad_checksum" time="0.009" /><testcase classname="tests.test_image_vendor" name="test_vendor_hacs_checksum_and_nonoverwrite" time="0.002" /><testcase classname="tests.test_image_vendor" name="test_vendor_hacs_rejects_bad_checksum" time="0.001" /><testcase classname="tests.test_image_vendor" name="test_yaml_seeds_and_workflows_parse" time="0.017" /><testcase classname="tests.test_mqtt" name="test_mqtt_uses_private_staging_and_never_passes_password" time="0.004" /><testcase classname="tests.test_mqtt" name="test_mqtt_container_fallback_has_no_network" time="0.004" /><testcase classname="tests.test_operations" name="test_backup_docker_orchestration_resumes_exact_services" time="0.008" /><testcase classname="tests.test_operations" name="test_restore_apply_remains_stopped" time="0.011" /><testcase classname="tests.test_operations" name="test_restore_settings_cannot_escape_lab" time="0.012" /><testcase classname="tests.test_operations" name="test_signature_required_pair" time="0.006" /><testcase classname="tests.test_operations" name="test_signed_recovery_rejects_occupied_state" time="0.003" /><testcase classname="tests.test_operations" name="test_unique_lab_project_names" time="0.003" /><testcase classname="tests.test_operations" name="test_failed_swap_immediately_restores_original" time="0.004" /><testcase classname="tests.test_release" name="test_source_scanner_excludes_private_workspace" time="0.002" /><testcase classname="tests.test_release" name="test_source_scanner_blocks_real_shaped_private_key" time="0.002" /><testcase classname="tests.test_release" name="test_packages_only_public_files_and_is_deterministic" time="1.416" /></testsuite></testsuites>